// Jest Snapshot v1, https://goo.gl/fbAQLP

exports[`Check Parent div 1`] = `
<div
  class="container-fluid mt-2"
  data-testid="Mydiv"
>
  <h3>
    All Item Here
  </h3>
  <div
    class="my-data"
    data-testid="childdiv"
  >
    fd
  </div>
</div>
`;
